// Jest Snapshot v1, https://goo.gl/fbAQLP

exports[`convertToCode brand 1 light mode 1`] = `
"export const primitives = {
  color: {
    blue: {
      "50": "#eef5ffff",
      "100": "#dae9ffff",
      "200": "#bdd9ffff",
      "300": "#90c2ffff",
      "400": "#539bffff",
      "500": "#357bfcff",
      "600": "#1f5bf1ff",
      "700": "#1745deff",
      "800": "#1939b4ff",
      "900": "#1a358eff",
      "950": "#152256ff",
    },
    green: {
      "50": "#f1fcf5ff",
      "100": "#defae9ff",
      "200": "#bef4d4ff",
      "300": "#8ce9b3ff",
      "400": "#52d689ff",
      "500": "#2fcc71ff",
      "600": "#1e9b53ff",
      "700": "#1b7a44ff",
      "800": "#1a6139ff",
      "900": "#184f31ff",
      "950": "#072c18ff",
    },
    grey: {
      "0": "#ffffffff",
      "50": "#f6f6f6ff",
      "100": "#e7e7e7ff",
      "200": "#d1d1d1ff",
      "300": "#b0b0b0ff",
      "400": "#888888ff",
      "500": "#6d6d6dff",
      "600": "#575757ff",
      "700": "#4f4f4fff",
      "800": "#454545ff",
      "900": "#3d3d3dff",
      "950": "#262626ff",
      "1000": "#000000ff",
    },
    purple: {
      "50": "#f4f1ffff",
      "100": "#ebe6ffff",
      "200": "#dad0ffff",
      "300": "#bfabffff",
      "400": "#a17bffff",
      "500": "#8546ffff",
      "600": "#7920ffff",
      "700": "#6e13f3ff",
      "800": "#590bccff",
      "900": "#4b0ca6ff",
      "950": "#2c0471ff",
    },
    red: {
      "50": "#fef2f2ff",
      "100": "#ffe1e1ff",
      "200": "#ffc8c8ff",
      "300": "#ffa2a2ff",
      "400": "#fd6565ff",
      "500": "#f53e3eff",
      "600": "#e31f1fff",
      "700": "#bf1616ff",
      "800": "#9e1616ff",
      "900": "#831919ff",
      "950": "#470808ff",
    },
    yellow: {
      "50": "#fffbebff",
      "100": "#fff4c6ff",
      "200": "#fee475ff",
      "300": "#fed64bff",
      "400": "#fdc222ff",
      "500": "#f7a109ff",
      "600": "#db7904ff",
      "700": "#b65507ff",
      "800": "#93410dff",
      "900": "#79360eff",
      "950": "#461b02ff",
    },
  },
  size: {
    "size-0": 0,
    "size-0125": 1,
    "size-025": 2,
    "size-050": 4,
    "size-075": 6,
    "size-100": 8,
    "size-200": 16,
    "size-300": 24,
    "size-400": 32,
    "size-500": 40,
    "size-600": 48,
    "size-700": 56,
    "size-800": 64,
    "size-900": 72,
    "size-1000": 80,
    "size-1100": 88,
    "size-1200": 96,
    "size-1300": 104,
    "size-1400": 112,
    "size-1500": 120,
    "size-1600": 128,
    "size-1700": 136,
    "size-1800": 144,
    "size-1900": 152,
    "size-2000": 160,
    "size-full": 999,
    "size-125": 10,
    "size-150": 12,
    "size-175": 14,
    "size-250": 20,
    "size-3000": 240,
    "size-0375": 3,
    "size-01875": 1.5,
  },
};

export const foundation = {
  primary: {
    lowest: primitives["color"]["blue"]["50"],
    lower: primitives["color"]["blue"]["100"],
    low: primitives["color"]["blue"]["300"],
    medium: primitives["color"]["blue"]["500"],
    high: primitives["color"]["blue"]["700"],
    higher: primitives["color"]["blue"]["900"],
    highest: primitives["color"]["blue"]["950"],
  },
  secondary: {
    lowest: primitives["color"]["purple"]["50"],
    lower: primitives["color"]["purple"]["100"],
    low: primitives["color"]["purple"]["300"],
    medium: primitives["color"]["purple"]["500"],
    high: primitives["color"]["purple"]["700"],
    higher: primitives["color"]["purple"]["900"],
    highest: primitives["color"]["purple"]["950"],
  },
  neutral: {
    lowest: primitives["color"]["grey"]["50"],
    lower: primitives["color"]["grey"]["100"],
    low: primitives["color"]["grey"]["300"],
    medium: primitives["color"]["grey"]["500"],
    high: primitives["color"]["grey"]["700"],
    higher: primitives["color"]["grey"]["900"],
    highest: primitives["color"]["grey"]["950"],
    white: primitives["color"]["grey"]["0"],
    black: primitives["color"]["grey"]["1000"],
  },
  success: {
    lowest: primitives["color"]["green"]["50"],
    lower: primitives["color"]["green"]["100"],
    low: primitives["color"]["green"]["300"],
    medium: primitives["color"]["green"]["500"],
    high: primitives["color"]["green"]["700"],
    higher: primitives["color"]["green"]["900"],
    highest: primitives["color"]["green"]["950"],
  },
  warning: {
    lowest: primitives["color"]["yellow"]["50"],
    lower: primitives["color"]["yellow"]["100"],
    low: primitives["color"]["yellow"]["300"],
    medium: primitives["color"]["yellow"]["500"],
    high: primitives["color"]["yellow"]["700"],
    higher: primitives["color"]["yellow"]["900"],
    highest: primitives["color"]["yellow"]["950"],
  },
  error: {
    lowest: primitives["color"]["red"]["50"],
    lower: primitives["color"]["red"]["100"],
    low: primitives["color"]["red"]["300"],
    medium: primitives["color"]["red"]["500"],
    high: primitives["color"]["red"]["700"],
    higher: primitives["color"]["red"]["900"],
    highest: primitives["color"]["red"]["950"],
  },
  text: {
    lowest: primitives["color"]["grey"]["50"],
    lower: primitives["color"]["grey"]["100"],
    low: primitives["color"]["grey"]["300"],
    medium: primitives["color"]["grey"]["500"],
    high: primitives["color"]["grey"]["700"],
    higher: primitives["color"]["grey"]["900"],
    highest: primitives["color"]["grey"]["950"],
  },
  surface: {
    lowest: primitives["color"]["grey"]["50"],
    lower: primitives["color"]["grey"]["100"],
    low: primitives["color"]["grey"]["300"],
    medium: primitives["color"]["grey"]["500"],
    high: primitives["color"]["grey"]["700"],
    higher: primitives["color"]["grey"]["900"],
    highest: primitives["color"]["grey"]["950"],
  },
};

export const components = {
  button: {
    level: {
      primary: {
        disabled: {
          "background-color": foundation["neutral"]["low"],
          "content-color": foundation["neutral"]["higher"],
        },
        "content-color": foundation["neutral"]["lowest"],
        "background-color": foundation["primary"]["highest"],
        hover: { "background-color": foundation["primary"]["higher"] },
        active: { "background-color": foundation["primary"]["highest"] },
        "border-color": "#ffffff00",
        "border-size": primitives["size"]["size-0"],
      },
      secondary: {
        disabled: {
          "background-color": foundation["neutral"]["low"],
          "content-color": foundation["neutral"]["higher"],
          "border-color": foundation["neutral"]["low"],
        },
        "content-color": foundation["primary"]["highest"],
        "border-color": foundation["primary"]["highest"],
        hover: {
          "background-color": foundation["primary"]["lower"],
          "border-color": foundation["primary"]["highest"],
          "content-color": foundation["primary"]["highest"],
        },
        active: {
          "background-color": foundation["primary"]["highest"],
          "content-color": foundation["neutral"]["lowest"],
        },
        "background-color": foundation["neutral"]["white"],
        "border-size": primitives["size"]["size-025"],
      },
    },
    "corner-radius": primitives["size"]["size-100"],
    gap: primitives["size"]["size-100"],
    "horizontal-padding": primitives["size"]["size-200"],
    size: {
      XS: {
        "vertical-padding": primitives["size"]["size-050"],
        height: primitives["size"]["size-400"],
        "icon-size": primitives["size"]["size-200"],
      },
      S: {
        height: primitives["size"]["size-500"],
        "icon-size": primitives["size"]["size-300"],
        "vertical-padding": primitives["size"]["size-100"],
      },
      M: {
        height: primitives["size"]["size-600"],
        "icon-size": primitives["size"]["size-300"],
        "vertical-padding": primitives["size"]["size-150"],
      },
      L: {
        height: primitives["size"]["size-700"],
        "icon-size": primitives["size"]["size-300"],
        "vertical-padding": primitives["size"]["size-200"],
      },
    },
    "focused-corner-radius": primitives["size"]["size-125"],
  },
  "focused-color": foundation["neutral"]["highest"],
  switch: {
    state: {
      default: {
        selected: { "background-color": foundation["primary"]["high"] },
        unselected: { "background-color": foundation["neutral"]["medium"] },
      },
      hover: {
        selected: { "background-color": foundation["primary"]["higher"] },
        unselected: { "background-color": foundation["neutral"]["high"] },
      },
      active: {
        selected: { "background-color": foundation["primary"]["higher"] },
        unselected: { "background-color": foundation["neutral"]["high"] },
      },
      focus: {
        selected: { "background-color": foundation["primary"]["high"] },
        unselected: { "background-color": foundation["neutral"]["medium"] },
      },
      disabled: {
        selected: {
          "background-color": foundation["neutral"]["low"],
          "content-color": foundation["neutral"]["medium"],
        },
        unselected: {
          "background-color": foundation["neutral"]["low"],
          "content-color": foundation["neutral"]["medium"],
        },
      },
    },
    "content-color": foundation["neutral"]["lowest"],
    size: {
      "M-height": primitives["size"]["size-200"],
      "M-width": primitives["size"]["size-400"],
      "L-height": primitives["size"]["size-300"],
      "L-width": primitives["size"]["size-600"],
      "M-content-size": primitives["size"]["size-150"],
      "L-content-size": primitives["size"]["size-250"],
      "M-icon-size": primitives["size"]["size-125"],
      "L-icon-size": primitives["size"]["size-200"],
    },
    "corner-radius": primitives["size"]["size-full"],
    "focused-corner-radius": primitives["size"]["size-full"],
    "icon-ON-color": foundation["primary"]["highest"],
    "icon-OFF-color": foundation["neutral"]["low"],
  },
  "input-content": {
    option: {
      empty: { "text-color": foundation["neutral"]["medium"] },
      filled: { "text-color": foundation["primary"]["highest"] },
    },
    "icon-color": foundation["primary"]["highest"],
    state: {
      disabled: { "content-color": foundation["neutral"]["high"] },
      active: { "icon-color": foundation["primary"]["higher"] },
    },
    "info-color": foundation["primary"]["high"],
    "min-height": primitives["size"]["size-300"],
    gap: primitives["size"]["size-100"],
  },
  input: {
    state: {
      hover: { "border-color": foundation["neutral"]["medium"] },
      active: { "border-color": foundation["primary"]["highest"] },
      disabled: {
        "background-color": foundation["neutral"]["lower"],
        "border-color": foundation["neutral"]["lower"],
      },
      "read-only": {
        "background-color": foundation["primary"]["lowest"],
        "border-color": foundation["primary"]["lowest"],
      },
    },
    statut: {
      error: {
        "background-color": foundation["error"]["lowest"],
        "border-color": foundation["error"]["medium"],
        "icon-color": foundation["error"]["medium"],
      },
      success: { "border-color": foundation["success"]["medium"] },
    },
    "background-color": foundation["neutral"]["white"],
    "border-color": foundation["neutral"]["low"],
    "content-color": foundation["primary"]["highest"],
    "corner-radius": primitives["size"]["size-075"],
    border: primitives["size"]["size-0125"],
    gap: primitives["size"]["size-100"],
    "horizontal-padding": primitives["size"]["size-100"],
    "vertical-padding": primitives["size"]["size-100"],
    "focused-corner-radius": primitives["size"]["size-100"],
    "text-area-vertical-padding-top": primitives["size"]["size-175"],
    "text-area-vertical-padding-bottom": primitives["size"]["size-100"],
  },
  cursor: { "background-color": foundation["primary"]["higher"] },
  "radio-button": {
    hover: {
      "chip-color": foundation["primary"]["higher"],
      "text-color": foundation["primary"]["higher"],
      "border-color": foundation["primary"]["higher"],
    },
    disabled: {
      "chip-color": foundation["neutral"]["low"],
      "text-color": foundation["neutral"]["medium"],
      "border-color": foundation["neutral"]["low"],
    },
    "chip-color": foundation["primary"]["highest"],
    "text-color": foundation["primary"]["highest"],
    "border-color": foundation["primary"]["highest"],
    gap: primitives["size"]["size-100"],
    "container-size": primitives["size"]["size-250"],
    "chip-min-size": primitives["size"]["size-025"],
    "chip-max-size": primitives["size"]["size-100"],
    "container-border-width": primitives["size"]["size-025"],
    "focused-corner-radius": primitives["size"]["size-full"],
    "focused-size": primitives["size"]["size-300"],
    padding: primitives["size"]["size-025"],
  },
  checkbox: {
    hover: {
      "text-color": foundation["primary"]["higher"],
      "border-color": foundation["primary"]["higher"],
      "background-color": foundation["primary"]["higher"],
    },
    "text-color": foundation["primary"]["highest"],
    "border-color": foundation["primary"]["highest"],
    disabled: {
      "text-color": foundation["neutral"]["medium"],
      "border-color": foundation["neutral"]["low"],
      "icon-color": foundation["neutral"]["medium"],
      "background-color": foundation["neutral"]["low"],
    },
    "icon-color": foundation["neutral"]["lowest"],
    "background-color": foundation["primary"]["highest"],
    "container-size": primitives["size"]["size-250"],
    "container-corner-radius": primitives["size"]["size-050"],
    "container-border-width": primitives["size"]["size-01875"],
    "focused-corner-radius": primitives["size"]["size-075"],
    gap: primitives["size"]["size-100"],
    "focused-size": primitives["size"]["size-300"],
    padding: primitives["size"]["size-025"],
  },
  link: {
    "text-color": foundation["primary"]["highest"],
    "underline-color": foundation["secondary"]["medium"],
    "icon-color": foundation["primary"]["highest"],
    hover: { "text-color": foundation["primary"]["higher"] },
    active: { "text-color": foundation["primary"]["high"] },
    "focused-corner-radius": primitives["size"]["size-050"],
    gap: primitives["size"]["size-100"],
    "horizontal-padding": primitives["size"]["size-025"],
    height: primitives["size"]["size-300"],
    "underline-height": primitives["size"]["size-025"],
    "underline-corner-radius": primitives["size"]["size-full"],
  },
  modal: {
    "background-color": foundation["neutral"]["lowest"],
    "content-color": foundation["primary"]["highest"],
    gap: primitives["size"]["size-300"],
    "horizontal-padding": primitives["size"]["size-300"],
    "vertical-padding": primitives["size"]["size-300"],
    "corner-radius": primitives["size"]["size-200"],
  },
  "button-icon": {
    level: {
      primary: {
        disabled: {
          "background-color": foundation["neutral"]["low"],
          "content-color": foundation["neutral"]["higher"],
        },
        "content-color": foundation["neutral"]["lowest"],
        "background-color": foundation["primary"]["highest"],
        hover: { "background-color": foundation["primary"]["higher"] },
        active: { "background-color": foundation["primary"]["highest"] },
      },
      secondary: {
        "content-color": foundation["primary"]["highest"],
        "background-color": foundation["primary"]["highest"],
        hover: { "background-color": foundation["primary"]["lower"] },
        active: { "background-color": foundation["primary"]["low"] },
        disabled: {
          "background-color": foundation["neutral"]["low"],
          "content-color": foundation["neutral"]["higher"],
        },
      },
    },
    size: {
      "width-S": primitives["size"]["size-500"],
      "height-S": primitives["size"]["size-500"],
      "height-XS": primitives["size"]["size-400"],
      "height-M": primitives["size"]["size-600"],
      "height-L": primitives["size"]["size-700"],
      "width-XS": primitives["size"]["size-400"],
      "width-M": primitives["size"]["size-600"],
      "width-L": primitives["size"]["size-700"],
    },
    "corner-radius": primitives["size"]["size-full"],
    "focused-corner-radius": primitives["size"]["size-full"],
  },
  pagination: { "content-color": foundation["primary"]["highest"] },
  "pagination-item": {
    "content-color": foundation["primary"]["highest"],
    "border-color": foundation["primary"]["highest"],
    "background-color": foundation["primary"]["lowest"],
    hover: { "background-color": foundation["primary"]["lower"] },
    active: { "background-color": foundation["primary"]["low"] },
    disabled: {
      "content-color": foundation["neutral"]["higher"],
      "background-color": foundation["neutral"]["low"],
    },
    width: primitives["size"]["size-500"],
    height: primitives["size"]["size-500"],
    "corner-radius": primitives["size"]["size-full"],
    "focused-corner-radius": primitives["size"]["size-full"],
    gap: primitives["size"]["size-100"],
    "horizontal-padding": primitives["size"]["size-100"],
    "vertical-padding": primitives["size"]["size-100"],
    "content-size": primitives["size"]["size-300"],
  },
  toast: {
    statut: {
      information: { "background-color": foundation["primary"]["lower"] },
      success: { "background-color": foundation["success"]["lower"] },
      warning: { "background-color": foundation["warning"]["lower"] },
      error: { "background-color": foundation["error"]["lower"] },
    },
    "content-color": foundation["primary"]["highest"],
    gap: primitives["size"]["size-200"],
    "horizontal-padding": primitives["size"]["size-300"],
    "vertical-padding": primitives["size"]["size-300"],
    "corner-radius": primitives["size"]["size-100"],
  },
  tag: {
    "content-color": foundation["primary"]["highest"],
    level: {
      error: {
        "background-color": foundation["error"]["lower"],
        hover: { "background-color": foundation["error"]["low"] },
        "content-color": foundation["error"]["higher"],
      },
      primary: {
        "background-color": foundation["primary"]["lower"],
        hover: { "background-color": foundation["primary"]["low"] },
      },
      success: {
        "background-color": foundation["success"]["lower"],
        hover: { "background-color": foundation["success"]["low"] },
        "content-color": foundation["success"]["higher"],
      },
      warning: {
        "background-color": foundation["warning"]["lower"],
        hover: { "background-color": foundation["warning"]["low"] },
        "content-color": foundation["warning"]["higher"],
      },
      secondary: {
        "background-color": foundation["secondary"]["lower"],
        hover: { "background-color": foundation["secondary"]["low"] },
      },
    },
    disabled: {
      "background-color": foundation["neutral"]["lower"],
      "content-color": foundation["neutral"]["high"],
    },
    gap: primitives["size"]["size-025"],
    "horizontal-padding": primitives["size"]["size-050"],
    "vertical-padding": primitives["size"]["size-050"],
    "corner-radius": primitives["size"]["size-050"],
    "focused-corner-radius": primitives["size"]["size-075"],
  },
  "focused-border": primitives["size"]["size-025"],
  "icon-size-M": primitives["size"]["size-300"],
  tooltip: {
    "background-color": foundation["primary"]["highest"],
    "content-color": foundation["neutral"]["lowest"],
    "corner-radius": primitives["size"]["size-050"],
    "image-corner-radius": primitives["size"]["size-025"],
    gap: primitives["size"]["size-200"],
    "horizontal-padding": primitives["size"]["size-175"],
    "vertical-padding": primitives["size"]["size-175"],
    "max-width": primitives["size"]["size-3000"],
    "image-max-height": primitives["size"]["size-1500"],
  },
  "breadcrumbs-item": {
    "content-color": foundation["primary"]["highest"],
    hover: { "content-color": foundation["primary"]["higher"] },
    active: { "content-color": foundation["primary"]["high"] },
    disabled: { "content-color": foundation["neutral"]["medium"] },
    height: primitives["size"]["size-200"],
    "icon-gap": primitives["size"]["size-050"],
    "item-gap": primitives["size"]["size-200"],
    "focused-corner-radius": primitives["size"]["size-050"],
  },
  "breadcrumbs-bar": { "item-gap": primitives["size"]["size-200"] },
  "table-item": {
    "text-color": foundation["primary"]["highest"],
    "underline-color": foundation["neutral"]["low"],
    active: { "underline-color": foundation["primary"]["medium"] },
    hover: { "background-color": foundation["neutral"]["lower"] },
  },
  "table-line": {
    "underline-color": foundation["neutral"]["low"],
    hover: { "background-color": foundation["neutral"]["lower"] },
    active: { "underline-color": foundation["primary"]["medium"] },
  },
  accordion: {
    "border-color": foundation["primary"]["highest"],
    hover: { "background-color": foundation["primary"]["lower"] },
    active: { "border-color": foundation["primary"]["medium"] },
    disabled: {
      "background-color": foundation["neutral"]["low"],
      "content-color": foundation["neutral"]["higher"],
    },
    "content-color": foundation["primary"]["highest"],
    "border-size": primitives["size"]["size-025"],
    "corner-radius": primitives["size"]["size-100"],
    "horizontal-padding": primitives["size"]["size-300"],
    "vertical-padding": primitives["size"]["size-300"],
    gap: primitives["size"]["size-300"],
    "background-color": foundation["neutral"]["lowest"],
    height: primitives["size"]["size-1000"],
    "header-min-height": primitives["size"]["size-400"],
  },
  "icon-size-S": primitives["size"]["size-200"],
  "icon-size-L": primitives["size"]["size-400"],
  "bottom-sheet": {
    "background-color": foundation["neutral"]["lowest"],
    "content-color": foundation["primary"]["highest"],
    gap: primitives["size"]["size-400"],
    "horizontal-padding": primitives["size"]["size-400"],
    "top-padding": primitives["size"]["size-500"],
    "corner-radius": primitives["size"]["size-200"],
    "bottom-padding": primitives["size"]["size-700"],
  },
  banner: {
    "content-color": foundation["primary"]["highest"],
    gap: primitives["size"]["size-200"],
    statut: {
      warning: { "background-color": foundation["warning"]["lower"] },
      error: { "background-color": foundation["error"]["lower"] },
      information: { "background-color": foundation["primary"]["lower"] },
      success: { "background-color": foundation["success"]["lower"] },
      test: "#ffffffff",
    },
    "horizontal-padding": primitives["size"]["size-200"],
    "vertical-padding": primitives["size"]["size-200"],
    "corner-radius": primitives["size"]["size-100"],
  },
  "stepper-item": {
    inactive: {
      "background-color": foundation["neutral"]["lower"],
      "content-color": foundation["neutral"]["highest"],
    },
    "in-progress": {
      "background-color": foundation["primary"]["medium"],
      "content-color": foundation["neutral"]["lowest"],
    },
    completed: {
      "background-color": foundation["success"]["lower"],
      "content-color": foundation["success"]["higher"],
    },
    error: {
      "background-color": foundation["error"]["lower"],
      "content-color": foundation["error"]["higher"],
    },
    "step-size": primitives["size"]["size-300"],
  },
  stepper: {
    "title-color": foundation["neutral"]["highest"],
    "description-color": foundation["neutral"]["high"],
    "line-inactive-color": foundation["neutral"]["lower"],
    "line-active-color": foundation["primary"]["medium"],
  },
  tab: {
    "content-color": foundation["neutral"]["high"],
    active: {
      "content-color": foundation["primary"]["medium"],
      "underline-color": foundation["primary"]["medium"],
    },
    "underline-color": foundation["primary"]["lower"],
    height: primitives["size"]["size-500"],
    "horizontal-padding": primitives["size"]["size-100"],
    "top-padding": primitives["size"]["size-100"],
    "underline-height": primitives["size"]["size-0375"],
    "underline-corner-radius": primitives["size"]["size-full"],
    "focused-corner-radius": primitives["size"]["size-050"],
    gap: primitives["size"]["size-100"],
    "underline-width": primitives["size"]["size-0375"],
    "border-color": foundation["neutral"]["low"],
  },
  "tabbar-item": {
    default: { "content-color": foundation["neutral"]["medium"] },
    active: { "content-color": foundation["neutral"]["highest"] },
    "icon-size": primitives["size"]["size-400"],
    gap: primitives["size"]["size-050"],
  },
  tabbar: {
    height: primitives["size"]["size-1000"],
    "background-color": foundation["neutral"]["lowest"],
    "top-corner-radius": primitives["size"]["size-300"],
    "top-padding": primitives["size"]["size-075"],
  },
  avatar: {
    "content-color": foundation["primary"]["highest"],
    "background-color": foundation["primary"]["lower"],
    "notification-background-color": foundation["error"]["medium"],
    "notification-content-color": foundation["neutral"]["lowest"],
    "corner-radius": primitives["size"]["size-100"],
    width: primitives["size"]["size-500"],
    height: primitives["size"]["size-500"],
    "border-color": foundation["neutral"]["lowest"],
    gap: primitives["size"]["size-100"],
  },
};

export const typographie = {
  font: {
    family: { tagline: "vesterbro", title: "inter", text: "inter" },
    weight: {
      medium: "medium",
      regular: "regular",
      "semi-bold": "semibold",
      italic: "italic",
      bold: "bold",
      "extra-bold": "extrabold",
    },
    size: {
      xs: 12,
      sm: 14,
      md: 16,
      lg: 20,
      xl: 24,
      "2xl": 32,
      "3xl": 40,
      "4xl": 72,
    },
  },
};
"
`;
